2026-03-31 14:05:53,568 INFO o.a.j.u.JMeterUtils: Setting Locale to en_EN
2026-03-31 14:05:53,631 INFO o.a.j.JMeter: Loading user properties from: C:\apache-jmeter-5.6.3\bin\user.properties
2026-03-31 14:05:53,662 INFO o.a.j.JMeter: Loading system properties from: C:\apache-jmeter-5.6.3\bin\system.properties
2026-03-31 14:05:53,662 INFO o.a.j.JMeter: Copyright (c) 1998-2024 The Apache Software Foundation
2026-03-31 14:05:53,678 INFO o.a.j.JMeter: Version 5.6.3
2026-03-31 14:05:53,678 INFO o.a.j.JMeter: java.version=11.0.29
2026-03-31 14:05:53,678 INFO o.a.j.JMeter: java.vm.name=Java HotSpot(TM) 64-Bit Server VM
2026-03-31 14:05:53,678 INFO o.a.j.JMeter: os.name=Windows 10
2026-03-31 14:05:53,678 INFO o.a.j.JMeter: os.arch=amd64
2026-03-31 14:05:53,678 INFO o.a.j.JMeter: os.version=10.0
2026-03-31 14:05:53,678 INFO o.a.j.JMeter: file.encoding=Cp1252
2026-03-31 14:05:53,678 INFO o.a.j.JMeter: java.awt.headless=null
2026-03-31 14:05:53,678 INFO o.a.j.JMeter: Max memory     =1073741824
2026-03-31 14:05:53,678 INFO o.a.j.JMeter: Available Processors =4
2026-03-31 14:05:53,693 INFO o.a.j.JMeter: Default Locale=English (EN)
2026-03-31 14:05:53,693 INFO o.a.j.JMeter: JMeter  Locale=English (EN)
2026-03-31 14:05:53,693 INFO o.a.j.JMeter: JMeterHome=C:\apache-jmeter-5.6.3
2026-03-31 14:05:53,693 INFO o.a.j.JMeter: user.dir  =C:\Users\Administrator\Desktop\CAPSTONE PROJECT
2026-03-31 14:05:53,693 INFO o.a.j.JMeter: PWD       =C:\Users\Administrator\Desktop\CAPSTONE PROJECT
2026-03-31 14:05:53,709 INFO o.a.j.JMeter: IP: 172.19.11.224 Name: 00b680fd11d1573 FullName: 172.19.11.224
2026-03-31 14:05:53,756 INFO o.a.j.JMeter: Loaded icon properties from org/apache/jmeter/images/icon.properties
2026-03-31 14:05:54,387 INFO o.a.j.JMeterGuiLauncher: Setting LAF to: com.github.weisj.darklaf.DarkLaf:com.github.weisj.darklaf.theme.DarculaTheme
